[0.011s][info][gc] Using Serial
[8.708s][info][gc] GC(0) Pause Young (Allocation Failure) 4M->2M(15M) 9.203ms
[8.926s][info][gc] GC(1) Pause Young (Allocation Failure) 6M->2M(15M) 6.219ms
[9.072s][info][gc] GC(2) Pause Young (Allocation Failure) 7M->3M(15M) 4.989ms
[9.369s][info][gc] GC(3) Pause Young (Allocation Failure) 7M->3M(15M) 4.020ms
[11.780s][info][gc] GC(4) Pause Young (Allocation Failure) 7M->4M(15M) 7.857ms
[44.803s][info][gc] GC(5) Pause Young (Allocation Failure) 8M->4M(15M) 1.496ms
[51.357s][info][gc] GC(6) Pause Young (Allocation Failure) 8M->4M(15M) 0.821ms
[51.368s][info][gc] GC(7) Pause Young (Allocation Failure) 8M->4M(15M) 0.781ms
[51.379s][info][gc] GC(8) Pause Young (Allocation Failure) 8M->4M(15M) 0.631ms
[51.400s][info][gc] GC(9) Pause Young (Allocation Failure) 8M->4M(15M) 0.672ms
[51.407s][info][gc] GC(10) Pause Young (Allocation Failure) 8M->4M(15M) 0.731ms
[58.782s][info][gc] GC(11) Pause Young (Allocation Failure) 8M->4M(15M) 1.846ms
[94.846s][info][gc] GC(12) Pause Young (Allocation Failure) 8M->4M(15M) 1.928ms
[132.800s][info][gc] GC(13) Pause Young (Allocation Failure) 8M->4M(15M) 1.791ms
[148.148s][info][gc] GC(14) Pause Young (Allocation Failure) 8M->4M(15M) 0.916ms
[148.155s][info][gc] GC(15) Pause Young (Allocation Failure) 8M->4M(15M) 0.583ms
[148.163s][info][gc] GC(16) Pause Young (Allocation Failure) 8M->4M(15M) 0.678ms
[148.171s][info][gc] GC(17) Pause Young (Allocation Failure) 8M->4M(15M) 0.936ms
[148.178s][info][gc] GC(18) Pause Young (Allocation Failure) 8M->4M(15M) 0.803ms
[148.182s][info][gc] GC(19) Pause Young (Allocation Failure) 8M->4M(15M) 0.535ms
[148.188s][info][gc] GC(20) Pause Young (Allocation Failure) 8M->4M(15M) 0.547ms
[148.193s][info][gc] GC(21) Pause Young (Allocation Failure) 8M->4M(15M) 0.527ms
[148.197s][info][gc] GC(22) Pause Young (Allocation Failure) 8M->4M(15M) 0.294ms
[148.201s][info][gc] GC(23) Pause Young (Allocation Failure) 8M->4M(15M) 0.452ms
[148.205s][info][gc] GC(24) Pause Young (Allocation Failure) 8M->4M(15M) 0.558ms
[167.902s][info][gc] GC(25) Pause Young (Allocation Failure) 8M->4M(15M) 0.915ms
[205.934s][info][gc] GC(26) Pause Young (Allocation Failure) 8M->4M(15M) 1.539ms
